d:\agsdeta\ags_game_works\x64\release\scenegame.obj
d:\agsdeta\ags_game_works\x64\release\intvector3.obj
d:\agsdeta\ags_game_works\x64\release\timemanager.obj
d:\agsdeta\ags_game_works\x64\release\enemybase.obj
d:\agsdeta\ags_game_works\x64\release\resourcemanager.obj
d:\agsdeta\ags_game_works\x64\release\enemymanager.obj
d:\agsdeta\ags_game_works\x64\release\sceneui.obj
d:\agsdeta\ags_game_works\x64\release\unitbase.obj
d:\agsdeta\ags_game_works\x64\release\application.obj
d:\agsdeta\ags_game_works\x64\release\pausemenu.obj
d:\agsdeta\ags_game_works\x64\release\loading.obj
d:\agsdeta\ags_game_works\x64\release\player.obj
d:\agsdeta\ags_game_works\x64\release\easing.obj
d:\agsdeta\ags_game_works\x64\release\camera.obj
d:\agsdeta\ags_game_works\x64\release\groundmanager.obj
d:\agsdeta\ags_game_works\x64\release\effectmanager.obj
d:\agsdeta\ags_game_works\x64\release\scenebase.obj
d:\agsdeta\ags_game_works\x64\release\utility.obj
d:\agsdeta\ags_game_works\x64\release\enemyslime.obj
d:\agsdeta\ags_game_works\x64\release\transform.obj
d:\agsdeta\ags_game_works\x64\release\scenetitle.obj
d:\agsdeta\ags_game_works\x64\release\vector2.obj
d:\agsdeta\ags_game_works\x64\release\resource.obj
d:\agsdeta\ags_game_works\x64\release\scenescore.obj
d:\agsdeta\ags_game_works\x64\release\soundmanager.obj
d:\agsdeta\ags_game_works\x64\release\animationcontroller.obj
d:\agsdeta\ags_game_works\x64\release\font.obj
d:\agsdeta\ags_game_works\x64\release\main.obj
d:\agsdeta\ags_game_works\x64\release\inputmanager.obj
d:\agsdeta\ags_game_works\x64\release\enemydata.obj
d:\agsdeta\ags_game_works\x64\release\quaternion.obj
d:\agsdeta\ags_game_works\x64\release\datetimemanager.obj
d:\agsdeta\ags_game_works\x64\release\fpscontroller.obj
d:\agsdeta\ags_game_works\x64\release\scenemanager.obj
d:\agsdeta\ags_game_works\x64\release\ground.obj
d:\agsdeta\ags_game_works\x64\release\grid.obj
d:\agsdeta\ags_game_works\x64\release\sword.obj
d:\agsdeta\ags_game_works\x64\release\collisioncontroller.obj
d:\agsdeta\ags_game_works\x64\release\collidermodel.obj
d:\agsdeta\ags_game_works\x64\release\collidersphere.obj
d:\agsdeta\ags_game_works\x64\release\collidercapsule.obj
d:\agsdeta\ags_game_works\x64\release\colliderline.obj
d:\agsdeta\ags_game_works\x64\release\colliderbase.obj
d:\agsdeta\ags_game_works\x64\release\ags_game_works.pch
d:\agsdeta\ags_game_works\x64\release\vc145.pdb
d:\agsdeta\ags_game_works\x64\release\pch.obj
d:\agsdeta\ags_game_works\x64\release\ags_game_works.exe
d:\agsdeta\ags_game_works\x64\release\ags_game_works.pdb
d:\agsdeta\ags_game_works\x64\release\ags_game_works.lib
d:\agsdeta\ags_game_works\x64\release\ags_game_works.exp
d:\agsdeta\ags_game_works\x64\release\ags_game_works.ipdb
d:\agsdeta\ags_game_works\x64\release\ags_game_works.iobj
d:\agsdeta\ags_game_works\x64\release\collision.obj
d:\agsdeta\ags_game_works\x64\release\collisionmanager.obj
d:\agsdeta\ags_game_works\x64\release\vc143.pdb
d:\agsdeta\ags_game_works\x64\release\ags_game_works.tlog\cl.command.1.tlog
d:\agsdeta\ags_game_works\x64\release\ags_game_works.tlog\cl.items.tlog
d:\agsdeta\ags_game_works\x64\release\ags_game_works.tlog\cl.read.1.tlog
d:\agsdeta\ags_game_works\x64\release\ags_game_works.tlog\cl.write.1.tlog
d:\agsdeta\ags_game_works\x64\release\ags_game_works.tlog\link.command.1.tlog
d:\agsdeta\ags_game_works\x64\release\ags_game_works.tlog\link.read.1.tlog
d:\agsdeta\ags_game_works\x64\release\ags_game_works.tlog\link.secondary.1.tlog
d:\agsdeta\ags_game_works\x64\release\ags_game_works.tlog\link.write.1.tlog
